
> frontend@0.0.0 test
> jest src/pages/RawMaterialList.test.jsx

  console.error
    Unexpected key "rawMaterials" found in preloadedState argument passed to createStore. Expected to find one of the known reducer keys instead: "products". Unexpected keys will be ignored.

    [0m [90m 11 |[39m     {
     [90m 12 |[39m         preloadedState [33m=[39m {}[33m,[39m
    [31m[1m>[22m[39m[90m 13 |[39m         store [33m=[39m configureStore({
     [90m    |[39m                               [31m[1m^[22m[39m
     [90m 14 |[39m             reducer[33m:[39m {
     [90m 15 |[39m                 products[33m:[39m productReducer[33m,[39m
     [90m 16 |[39m                 rawMaterials[33m:[39m rawMaterialReducer[0m

      at warning (node_modules/redux/src/utils/warning.ts:9:13)
      at combination (node_modules/redux/src/combineReducers.ts:111:9)
      at dispatch (node_modules/redux/src/createStore.ts:214:22)
      at createStore (node_modules/redux/src/createStore.ts:291:3)
      at node_modules/@reduxjs/toolkit/src/autoBatchEnhancer.ts:54:17
      at createStore (node_modules/redux/src/applyMiddleware.ts:46:19)
      at createStore (node_modules/redux/src/createStore.ts:89:32)
      at configureStore (node_modules/@reduxjs/toolkit/src/configureStore.ts:154:10)
      at renderWithProviders (src/test-utils.jsx:13:31)
      at Object.<anonymous> (src/pages/RawMaterialList.test.jsx:16:28)

  console.error
    Unexpected key "rawMaterials" found in preloadedState argument passed to createStore. Expected to find one of the known reducer keys instead: "products". Unexpected keys will be ignored.

    [0m [90m 11 |[39m     {
     [90m 12 |[39m         preloadedState [33m=[39m {}[33m,[39m
    [31m[1m>[22m[39m[90m 13 |[39m         store [33m=[39m configureStore({
     [90m    |[39m                               [31m[1m^[22m[39m
     [90m 14 |[39m             reducer[33m:[39m {
     [90m 15 |[39m                 products[33m:[39m productReducer[33m,[39m
     [90m 16 |[39m                 rawMaterials[33m:[39m rawMaterialReducer[0m

      at warning (node_modules/redux/src/utils/warning.ts:9:13)
      at combination (node_modules/redux/src/combineReducers.ts:111:9)
      at dispatch (node_modules/redux/src/createStore.ts:214:22)
      at createStore (node_modules/redux/src/createStore.ts:291:3)
      at node_modules/@reduxjs/toolkit/src/autoBatchEnhancer.ts:54:17
      at createStore (node_modules/redux/src/applyMiddleware.ts:46:19)
      at createStore (node_modules/redux/src/createStore.ts:89:32)
      at configureStore (node_modules/@reduxjs/toolkit/src/configureStore.ts:154:10)
      at renderWithProviders (src/test-utils.jsx:13:31)
      at Object.<anonymous> (src/pages/RawMaterialList.test.jsx:26:28)

  console.error
    Unexpected key "rawMaterials" found in preloadedState argument passed to createStore. Expected to find one of the known reducer keys instead: "products". Unexpected keys will be ignored.

    [0m [90m 11 |[39m     {
     [90m 12 |[39m         preloadedState [33m=[39m {}[33m,[39m
    [31m[1m>[22m[39m[90m 13 |[39m         store [33m=[39m configureStore({
     [90m    |[39m                               [31m[1m^[22m[39m
     [90m 14 |[39m             reducer[33m:[39m {
     [90m 15 |[39m                 products[33m:[39m productReducer[33m,[39m
     [90m 16 |[39m                 rawMaterials[33m:[39m rawMaterialReducer[0m

      at warning (node_modules/redux/src/utils/warning.ts:9:13)
      at combination (node_modules/redux/src/combineReducers.ts:111:9)
      at dispatch (node_modules/redux/src/createStore.ts:214:22)
      at createStore (node_modules/redux/src/createStore.ts:291:3)
      at node_modules/@reduxjs/toolkit/src/autoBatchEnhancer.ts:54:17
      at createStore (node_modules/redux/src/applyMiddleware.ts:46:19)
      at createStore (node_modules/redux/src/createStore.ts:89:32)
      at configureStore (node_modules/@reduxjs/toolkit/src/configureStore.ts:154:10)
      at renderWithProviders (src/test-utils.jsx:13:31)
      at Object.<anonymous> (src/pages/RawMaterialList.test.jsx:36:28)

  console.error
    Unexpected key "rawMaterials" found in preloadedState argument passed to createStore. Expected to find one of the known reducer keys instead: "products". Unexpected keys will be ignored.

    [0m [90m 11 |[39m     {
     [90m 12 |[39m         preloadedState [33m=[39m {}[33m,[39m
    [31m[1m>[22m[39m[90m 13 |[39m         store [33m=[39m configureStore({
     [90m    |[39m                               [31m[1m^[22m[39m
     [90m 14 |[39m             reducer[33m:[39m {
     [90m 15 |[39m                 products[33m:[39m productReducer[33m,[39m
     [90m 16 |[39m                 rawMaterials[33m:[39m rawMaterialReducer[0m

      at warning (node_modules/redux/src/utils/warning.ts:9:13)
      at combination (node_modules/redux/src/combineReducers.ts:111:9)
      at dispatch (node_modules/redux/src/createStore.ts:214:22)
      at createStore (node_modules/redux/src/createStore.ts:291:3)
      at node_modules/@reduxjs/toolkit/src/autoBatchEnhancer.ts:54:17
      at createStore (node_modules/redux/src/applyMiddleware.ts:46:19)
      at createStore (node_modules/redux/src/createStore.ts:89:32)
      at configureStore (node_modules/@reduxjs/toolkit/src/configureStore.ts:154:10)
      at renderWithProviders (src/test-utils.jsx:13:31)
      at Object.<anonymous> (src/pages/RawMaterialList.test.jsx:51:28)

node.exe : FAIL src/pages/RawMaterialList.test.jsx
No linha:1 caractere:1
+ & "C:\Program Files\nodejs/node.exe" "C:\Program Files\nodejs/node_mo ...
+ ~~~~~~~~~~~~~~~~~~~~~~~~~~~~~~~~~~~~~~~~~~~~~~~~~~~~~~~~~~~~~~~~~~~~~
    + CategoryInfo          : NotSpecified: (FAIL src/pages/RawMaterialList.test.jsx:String) [], RemoteException
    + FullyQualifiedErrorId : NativeCommandError
 
  RawMaterialList Component
    ├ù renders loading state initially (139 ms)
    ├ù renders error state correctly (12 ms)
    ├ù renders the empty list fallback when there are no items (12 ms)
    ├ù renders the list of raw materials successfully (11 ms)

  ÔùÅ RawMaterialList Component ÔÇ║ renders loading state initially

    TypeError: Cannot destructure property 'list' of '(0 , _reactRedux.useSelector)(...)' as it is undefined.

    [0m [90m  7 |[39m [36mexport[39m [36mdefault[39m [36mfunction[39m [33mRawMaterialList[39m() {
     [90m  8 |[39m   [36mconst[39m dispatch [33m=[39m useDispatch()[33m;[39m
    [31m[1m>[22m[39m[90m  9 |[39m   [36mconst[39m { list[33m,[39m loading[33m,[39m error } [33m=[39m useSelector((s) [33m=>[39m s[33m.[39mrawMaterials)[33m;[39m
     [90m    |[39m           [31m[1m^[22m[39m
     [90m 10 |[39m
     [90m 11 |[39m   [36mconst[39m [deleteModal[33m,[39m setDeleteModal] [33m=[39m useState({ isOpen[33m:[39m [36mfalse[39m[33m,[39m id[33m:[39m [36mnull[39m[33m,[39m code[33m:[39m [32m''[39m[33m,[39m name[33m:[39m 
[32m''[39m })[33m;[39m
     [90m 12 |[39m[0m

      at list (src/pages/RawMaterialList.jsx:9:11)
      at Object.react_stack_bottom_frame (node_modules/react-dom/cjs/react-dom-client.development.js:25904:20)
      at renderWithHooks (node_modules/react-dom/cjs/react-dom-client.development.js:7662:22)
      at updateFunctionComponent (node_modules/react-dom/cjs/react-dom-client.development.js:10166:19)
      at beginWork (node_modules/react-dom/cjs/react-dom-client.development.js:11778:18)
      at runWithFiberInDEV (node_modules/react-dom/cjs/react-dom-client.development.js:874:13)
      at performUnitOfWork (node_modules/react-dom/cjs/react-dom-client.development.js:17641:22)
      at workLoopSync (node_modules/react-dom/cjs/react-dom-client.development.js:17469:41)
      at renderRootSync (node_modules/react-dom/cjs/react-dom-client.development.js:17450:11)
      at performWorkOnRoot (node_modules/react-dom/cjs/react-dom-client.development.js:16583:35)
      at performWorkOnRootViaSchedulerTask (node_modules/react-dom/cjs/react-dom-client.development.js:18957:7)
      at flushActQueue (node_modules/react/cjs/react.development.js:590:34)
      at process.env.NODE_ENV.exports.act (node_modules/react/cjs/react.development.js:884:10)
      at node_modules/@testing-library/react/dist/act-compat.js:46:25
      at renderRoot (node_modules/@testing-library/react/dist/pure.js:189:26)
      at render (node_modules/@testing-library/react/dist/pure.js:291:10)
      at renderWithProviders (src/test-utils.jsx:30:30)
      at Object.<anonymous> (src/pages/RawMaterialList.test.jsx:16:28)

  ÔùÅ RawMaterialList Component ÔÇ║ renders error state correctly

    TypeError: Cannot destructure property 'list' of '(0 , _reactRedux.useSelector)(...)' as it is undefined.

    [0m [90m  7 |[39m [36mexport[39m [36mdefault[39m [36mfunction[39m [33mRawMaterialList[39m() {
     [90m  8 |[39m   [36mconst[39m dispatch [33m=[39m useDispatch()[33m;[39m
    [31m[1m>[22m[39m[90m  9 |[39m   [36mconst[39m { list[33m,[39m loading[33m,[39m error } [33m=[39m useSelector((s) [33m=>[39m s[33m.[39mrawMaterials)[33m;[39m
     [90m    |[39m           [31m[1m^[22m[39m
     [90m 10 |[39m
     [90m 11 |[39m   [36mconst[39m [deleteModal[33m,[39m setDeleteModal] [33m=[39m useState({ isOpen[33m:[39m [36mfalse[39m[33m,[39m id[33m:[39m [36mnull[39m[33m,[39m code[33m:[39m [32m''[39m[33m,[39m name[33m:[39m 
[32m''[39m })[33m;[39m
     [90m 12 |[39m[0m

      at list (src/pages/RawMaterialList.jsx:9:11)
      at Object.react_stack_bottom_frame (node_modules/react-dom/cjs/react-dom-client.development.js:25904:20)
      at renderWithHooks (node_modules/react-dom/cjs/react-dom-client.development.js:7662:22)
      at updateFunctionComponent (node_modules/react-dom/cjs/react-dom-client.development.js:10166:19)
      at beginWork (node_modules/react-dom/cjs/react-dom-client.development.js:11778:18)
      at runWithFiberInDEV (node_modules/react-dom/cjs/react-dom-client.development.js:874:13)
      at performUnitOfWork (node_modules/react-dom/cjs/react-dom-client.development.js:17641:22)
      at workLoopSync (node_modules/react-dom/cjs/react-dom-client.development.js:17469:41)
      at renderRootSync (node_modules/react-dom/cjs/react-dom-client.development.js:17450:11)
      at performWorkOnRoot (node_modules/react-dom/cjs/react-dom-client.development.js:16583:35)
      at performWorkOnRootViaSchedulerTask (node_modules/react-dom/cjs/react-dom-client.development.js:18957:7)
      at flushActQueue (node_modules/react/cjs/react.development.js:590:34)
      at process.env.NODE_ENV.exports.act (node_modules/react/cjs/react.development.js:884:10)
      at node_modules/@testing-library/react/dist/act-compat.js:46:25
      at renderRoot (node_modules/@testing-library/react/dist/pure.js:189:26)
      at render (node_modules/@testing-library/react/dist/pure.js:291:10)
      at renderWithProviders (src/test-utils.jsx:30:30)
      at Object.<anonymous> (src/pages/RawMaterialList.test.jsx:26:28)

  ÔùÅ RawMaterialList Component ÔÇ║ renders the empty list fallback when there are no items

    TypeError: Cannot destructure property 'list' of '(0 , _reactRedux.useSelector)(...)' as it is undefined.

    [0m [90m  7 |[39m [36mexport[39m [36mdefault[39m [36mfunction[39m [33mRawMaterialList[39m() {
     [90m  8 |[39m   [36mconst[39m dispatch [33m=[39m useDispatch()[33m;[39m
    [31m[1m>[22m[39m[90m  9 |[39m   [36mconst[39m { list[33m,[39m loading[33m,[39m error } [33m=[39m useSelector((s) [33m=>[39m s[33m.[39mrawMaterials)[33m;[39m
     [90m    |[39m           [31m[1m^[22m[39m
     [90m 10 |[39m
     [90m 11 |[39m   [36mconst[39m [deleteModal[33m,[39m setDeleteModal] [33m=[39m useState({ isOpen[33m:[39m [36mfalse[39m[33m,[39m id[33m:[39m [36mnull[39m[33m,[39m code[33m:[39m [32m''[39m[33m,[39m name[33m:[39m 
[32m''[39m })[33m;[39m
     [90m 12 |[39m[0m

      at list (src/pages/RawMaterialList.jsx:9:11)
      at Object.react_stack_bottom_frame (node_modules/react-dom/cjs/react-dom-client.development.js:25904:20)
      at renderWithHooks (node_modules/react-dom/cjs/react-dom-client.development.js:7662:22)
      at updateFunctionComponent (node_modules/react-dom/cjs/react-dom-client.development.js:10166:19)
      at beginWork (node_modules/react-dom/cjs/react-dom-client.development.js:11778:18)
      at runWithFiberInDEV (node_modules/react-dom/cjs/react-dom-client.development.js:874:13)
      at performUnitOfWork (node_modules/react-dom/cjs/react-dom-client.development.js:17641:22)
      at workLoopSync (node_modules/react-dom/cjs/react-dom-client.development.js:17469:41)
      at renderRootSync (node_modules/react-dom/cjs/react-dom-client.development.js:17450:11)
      at performWorkOnRoot (node_modules/react-dom/cjs/react-dom-client.development.js:16583:35)
      at performWorkOnRootViaSchedulerTask (node_modules/react-dom/cjs/react-dom-client.development.js:18957:7)
      at flushActQueue (node_modules/react/cjs/react.development.js:590:34)
      at process.env.NODE_ENV.exports.act (node_modules/react/cjs/react.development.js:884:10)
      at node_modules/@testing-library/react/dist/act-compat.js:46:25
      at renderRoot (node_modules/@testing-library/react/dist/pure.js:189:26)
      at render (node_modules/@testing-library/react/dist/pure.js:291:10)
      at renderWithProviders (src/test-utils.jsx:30:30)
      at Object.<anonymous> (src/pages/RawMaterialList.test.jsx:36:28)

  ÔùÅ RawMaterialList Component ÔÇ║ renders the list of raw materials successfully

    TypeError: Cannot destructure property 'list' of '(0 , _reactRedux.useSelector)(...)' as it is undefined.

    [0m [90m  7 |[39m [36mexport[39m [36mdefault[39m [36mfunction[39m [33mRawMaterialList[39m() {
     [90m  8 |[39m   [36mconst[39m dispatch [33m=[39m useDispatch()[33m;[39m
    [31m[1m>[22m[39m[90m  9 |[39m   [36mconst[39m { list[33m,[39m loading[33m,[39m error } [33m=[39m useSelector((s) [33m=>[39m s[33m.[39mrawMaterials)[33m;[39m
     [90m    |[39m           [31m[1m^[22m[39m
     [90m 10 |[39m
     [90m 11 |[39m   [36mconst[39m [deleteModal[33m,[39m setDeleteModal] [33m=[39m useState({ isOpen[33m:[39m [36mfalse[39m[33m,[39m id[33m:[39m [36mnull[39m[33m,[39m code[33m:[39m [32m''[39m[33m,[39m name[33m:[39m 
[32m''[39m })[33m;[39m
     [90m 12 |[39m[0m

      at list (src/pages/RawMaterialList.jsx:9:11)
      at Object.react_stack_bottom_frame (node_modules/react-dom/cjs/react-dom-client.development.js:25904:20)
      at renderWithHooks (node_modules/react-dom/cjs/react-dom-client.development.js:7662:22)
      at updateFunctionComponent (node_modules/react-dom/cjs/react-dom-client.development.js:10166:19)
      at beginWork (node_modules/react-dom/cjs/react-dom-client.development.js:11778:18)
      at runWithFiberInDEV (node_modules/react-dom/cjs/react-dom-client.development.js:874:13)
      at performUnitOfWork (node_modules/react-dom/cjs/react-dom-client.development.js:17641:22)
      at workLoopSync (node_modules/react-dom/cjs/react-dom-client.development.js:17469:41)
      at renderRootSync (node_modules/react-dom/cjs/react-dom-client.development.js:17450:11)
      at performWorkOnRoot (node_modules/react-dom/cjs/react-dom-client.development.js:16583:35)
      at performWorkOnRootViaSchedulerTask (node_modules/react-dom/cjs/react-dom-client.development.js:18957:7)
      at flushActQueue (node_modules/react/cjs/react.development.js:590:34)
      at process.env.NODE_ENV.exports.act (node_modules/react/cjs/react.development.js:884:10)
      at node_modules/@testing-library/react/dist/act-compat.js:46:25
      at renderRoot (node_modules/@testing-library/react/dist/pure.js:189:26)
      at render (node_modules/@testing-library/react/dist/pure.js:291:10)
      at renderWithProviders (src/test-utils.jsx:30:30)
      at Object.<anonymous> (src/pages/RawMaterialList.test.jsx:51:28)

Test Suites: 1 failed, 1 total
Tests:       4 failed, 4 total
Snapshots:   0 total
Time:        3.218 s
Ran all test suites matching src/pages/RawMaterialList.test.jsx.
